../Core/Src/main.c:85:5:print	272	static
../Core/Src/main.c:108:5:bigger	16	static
../Core/Src/main.c:113:5:smaller	16	static
../Core/Src/main.c:119:6:toggle_left_LEDs	16	static
../Core/Src/main.c:131:6:toggle_main_LED	48	static
../Core/Src/main.c:159:6:debug_left_LEDs	16	static
../Core/Src/main.c:172:15:addButton	48	static
../Core/Src/main.c:195:5:button_click_check	32	static
../Core/Src/main.c:218:6:default_disco_lights	112	static
../Core/Src/main.c:242:6:transition_disco_lights	48	static
../Core/Src/main.c:284:5:main	9328	static
../Core/Src/main.c:419:6:SystemClock_Config	96	static
../Core/Src/main.c:479:13:MX_ADC1_Init	32	static
../Core/Src/main.c:536:13:MX_TIM1_Init	112	static
../Core/Src/main.c:623:13:MX_USART2_UART_Init	8	static
../Core/Src/main.c:657:13:MX_GPIO_Init	40	static
../Core/Src/main.c:709:6:Error_Handler	4	static,ignoring_inline_asm
