../Core/Src/main.c:74:6:toggle_left_LEDs	16	static
../Core/Src/main.c:86:6:toggle_main_LED	24	static
../Core/Src/main.c:93:6:debug_left_LEDs	16	static
../Core/Src/main.c:106:15:addButton	48	static
../Core/Src/main.c:120:5:button_click_check	24	static
../Core/Src/main.c:140:5:main	160	static
../Core/Src/main.c:240:6:SystemClock_Config	96	static
../Core/Src/main.c:300:13:MX_USART2_UART_Init	8	static
../Core/Src/main.c:334:13:MX_GPIO_Init	40	static
../Core/Src/main.c:390:6:Error_Handler	4	static,ignoring_inline_asm
